Admin@DESKTOP-P8RVAUA MINGW64 ~ (master)
$ mkdir lab3

Admin@DESKTOP-P8RVAUA MINGW64 ~ (master)
$ dir
3D\ Objects
AppData
Application\ Data
Cisco\ Packet\ Tracer\ 8.2.1
Contacts
Cookies
Desktop
Documents
Downloads
Favorites
IntelGraphicsProfiles
Links
Local\ Settings
Music
My\ Documents
NTUSER.DAT
NTUSER.DAT{95f0a7ae-2c6c-11ed-94e9-7412b3e07656}.TM.blf
NTUSER.DAT{95f0a7ae-2c6c-11ed-94e9-7412b3e07656}.TMContainer00000000000000000001.regtrans-ms
NTUSER.DAT{95f0a7ae-2c6c-11ed-94e9-7412b3e07656}.TMContainer00000000000000000002.regtrans-ms
NetHood
Pictures
PrintHood
Recent
Saved\ Games
Searches
SendTo
Start\ Menu
Templates
Videos
VirtualBox\ VMs
checkme.txt
dasgal1.py
eclipse
eclipse-workspace
jishee2.py
lab2
lab3
madlibs.py
my_git_r
ntuser.dat.LOG1
ntuser.dat.LOG2
ntuser.ini
readme.txt
source

Admin@DESKTOP-P8RVAUA MINGW64 ~ (master)
$ cd lab3

Admin@DESKTOP-P8RVAUA MINGW64 ~/lab3 (master)
$ touch readme.txt

Admin@DESKTOP-P8RVAUA MINGW64 ~/lab3 (master)
$ code .

Admin@DESKTOP-P8RVAUA MINGW64 ~/lab3 (master)
$ git add readme.txt

Admin@DESKTOP-P8RVAUA MINGW64 ~/lab3 (master)
$ git commit -m "Bicsn code"
Author identity unknown

*** Please tell me who you are.

Run

  git config --global user.email "you@example.com"
  git config --global user.name "Your Name"

to set your account's default identity.
Omit --global to set the identity only in this repository.

fatal: unable to auto-detect email address (got 'Admin@DESKTOP-P8RVAUA.(none)')

Admin@DESKTOP-P8RVAUA MINGW64 ~/lab3 (master)
$ git config --global user.email "cbuyantkhuu@gmail.com"

Admin@DESKTOP-P8RVAUA MINGW64 ~/lab3 (master)
$ git config --global user.name "BuyantkhuuB232270104"

Admin@DESKTOP-P8RVAUA MINGW64 ~/lab3 (master)
$ git commit -m "hicheeliin text"
[master (root-commit) cab4d3d] hicheeliin text
 1 file changed, 0 insertions(+), 0 deletions(-)
 create mode 100644 lab3/readme.txt

Admin@DESKTOP-P8RVAUA MINGW64 ~/lab3 (master)
$ git add dasgal1.py

Admin@DESKTOP-P8RVAUA MINGW64 ~/lab3 (master)
$ git commmit -m "Dasgal1 iig hiilee"
git: 'commmit' is not a git command. See 'git --help'.

The most similar command is
        commit

Admin@DESKTOP-P8RVAUA MINGW64 ~/lab3 (master)
$ git commit -m "dasgal1 iig hiilee"
[master c899dca] dasgal1 iig hiilee
 1 file changed, 12 insertions(+)
 create mode 100644 lab3/dasgal1.py

Admin@DESKTOP-P8RVAUA MINGW64 ~/lab3 (master)
$ git add jishee2.py

Admin@DESKTOP-P8RVAUA MINGW64 ~/lab3 (master)
$ git commit -m "jishee2igg hiilee"
[master 3175f26] jishee2igg hiilee
 1 file changed, 8 insertions(+)
 create mode 100644 lab3/jishee2.py

Admin@DESKTOP-P8RVAUA MINGW64 ~/lab3 (master)
$ git add jishee1.py

Admin@DESKTOP-P8RVAUA MINGW64 ~/lab3 (master)
$ git commit -m "jishee1 iig hiilee"
[master 9b7ca7a] jishee1 iig hiilee
 1 file changed, 5 insertions(+)
 create mode 100644 lab3/jishee1.py

Admin@DESKTOP-P8RVAUA MINGW64 ~/lab3 (master)
$ git remote add origin https://github.com/BuyantkhuuB232270104/Lab2-3.git

Admin@DESKTOP-P8RVAUA MINGW64 ~/lab3 (master)
$ git push origin master
Enumerating objects: 16, done.
Counting objects: 100% (16/16), done.
Delta compression using up to 12 threads
Compressing objects: 100% (10/10), done.
Writing objects: 100% (16/16), 1.44 KiB | 1.44 MiB/s, done.
Total 16 (delta 2), reused 0 (delta 0), pack-reused 0
remote: Resolving deltas: 100% (2/2), done.
To https://github.com/BuyantkhuuB232270104/Lab2-3.git
 * [new branch]      master -> master

Admin@DESKTOP-P8RVAUA MINGW64 ~/lab3 (master)
$
